<pre class="tracy-dump"><span class="tracy-toggle"><span class="tracy-dump-array">array</span> (2)</span>
<div><span class="tracy-dump-indent">   </span><span class="tracy-dump-key">0</span> => <span class="tracy-dump-string">"A"</span>
<span class="tracy-dump-indent">   </span><span class="tracy-dump-key">1</span> => <span class="tracy-dump-string">"B"</span>
</div></pre>
